---
source: crates/wl-android-common/src/proto/tests.rs
expression: "&bytes"
---
[
    67,
    79,
    78,
    70,
    1,
    0,
    0,
    0,
    64,
    13,
    0,
    0,
    96,
    9,
    0,
    0,
    128,
    50,
    2,
    0,
    33,
    1,
    0,
    0,
    1,
    0,
    0,
    0,
    0,
    0,
    0,
    0,
]
